Analyzing bookswap...                                           

  error - The method 'BookProvider' isn't defined for the type 'MyApp' - lib\main.dart:24:47 - undefined_method
  error - The method 'SwapProvider' isn't defined for the type 'MyApp' - lib\main.dart:25:47 - undefined_method
  error - The method 'ChatProvider' isn't defined for the type 'MyApp' - lib\main.dart:26:47 - undefined_method
  error - The name 'LoginScreen' isn't a class - lib\main.dart:60:24 - creation_with_non_type
  error - The name 'Timestamp' isn't a type, so it can't be used in an 'as' expression - lib\models\user_model.dart:24:40 - cast_to_non_type
  error - Undefined name 'Timestamp' - lib\models\user_model.dart:34:20 - undefined_identifier
  error - Undefined name 'Timestamp' - lib\models\user_model.dart:36:20 - undefined_identifier
   info - The imported package 'email_validator' isn't a dependency of the importing package - lib\providers\auth_provider.dart:4:8 - depend_on_referenced_packages
  error - Target of URI doesn't exist: 'package:email_validator/email_validator.dart' - lib\providers\auth_provider.dart:4:8 - uri_does_not_exist
  error - Target of URI doesn't exist: '../models/user.dart' - lib\providers\auth_provider.dart:5:8 - uri_does_not_exist
  error - The method 'fromFirestore' isn't defined for the type 'User' - lib\providers\auth_provider.dart:42:22 - undefined_method
  error - Undefined name 'EmailValidator' - lib\providers\auth_provider.dart:57:12 - undefined_identifier
  error - Undefined name 'EmailValidator' - lib\providers\auth_provider.dart:89:12 - undefined_identifier
  error - The class 'User' doesn't have an unnamed constructor - lib\providers\auth_provider.dart:109:23 - new_with_undefined_constructor_default
  error - The getter 'id' isn't defined for the type 'User' - lib\providers\auth_provider.dart:119:24 - undefined_getter
  error - The method 'toFirestore' isn't defined for the type 'User' - lib\providers\auth_provider.dart:120:24 - undefined_method
  error - Target of URI doesn't exist: '../models/book_listing.dart' - lib\providers\book_provider.dart:4:8 - uri_does_not_exist
  error - The name 'BookListing' isn't a type, so it can't be used as a type argument - lib\providers\book_provider.dart:10:8 - non_type_as_type_argument
  error - The name 'BookListing' isn't a type, so it can't be used as a type argument - lib\providers\book_provider.dart:14:8 - non_type_as_type_argument
  error - The name 'BookListing' isn't a type, so it can't be used as a type argument - lib\providers\book_provider.dart:17:8 - non_type_as_type_argument
  error - The property 'isAvailable' can't be unconditionally accessed because the receiver can be 'null' - lib\providers\book_provider.dart:18:44 - unchecked_use_of_nullable_value
  error - Undefined name 'BookListing' - lib\providers\book_provider.dart:35:40 - undefined_identifier
  error - The name 'BookListing' isn't a type, so it can't be used as a type argument - lib\providers\book_provider.dart:46:8 - non_type_as_type_argument
  error - The property 'userId' can't be unconditionally accessed because the receiver can be 'null' - lib\providers\book_provider.dart:47:49 - unchecked_use_of_nullable_value
  error - Undefined class 'BookListing' - lib\providers\book_provider.dart:51:5 - undefined_class
  error - The argument type 'List<int>' can't be assigned to the parameter type 'Uint8List'.  - lib\providers\book_provider.dart:65:34 - argument_type_not_assignable
  error - The method 'BookListing' isn't defined for the type 'BookListingProvider' - lib\providers\book_provider.dart:69:32 - undefined_method
  error - Undefined class 'BookListing' - lib\providers\book_provider.dart:99:41 - undefined_class
  error - Undefined class 'BookListing' - lib\providers\book_provider.dart:122:3 - undefined_class
  error - The property 'id' can't be unconditionally accessed because the receiver can be 'null' - lib\providers\book_provider.dart:124:56 - unchecked_use_of_nullable_value
  error - The name 'BookListing' isn't a type, so it can't be used as a type argument - lib\providers\book_provider.dart:130:15 - non_type_as_type_argument
  error - The property 'title' can't be unconditionally accessed because the receiver can be 'null' - lib\providers\book_provider.dart:135:22 - unchecked_use_of_nullable_value
  error - The property 'author' can't be unconditionally accessed because the receiver can be 'null' - lib\providers\book_provider.dart:136:19 - unchecked_use_of_nullable_value
  error - The property 'condition' can't be unconditionally accessed because the receiver can be 'null' - lib\providers\book_provider.dart:137:19 - unchecked_use_of_nullable_value
  error - Target of URI doesn't exist: '../models/swap_offer.dart' - lib\providers\swap_provider.dart:3:8 - uri_does_not_exist
  error - The name 'SwapOffer' isn't a type, so it can't be used as a type argument - lib\providers\swap_provider.dart:8:8 - non_type_as_type_argument
  error - The name 'SwapOffer' isn't a type, so it can't be used as a type argument - lib\providers\swap_provider.dart:12:8 - non_type_as_type_argument
  error - Undefined name 'SwapOffer' - lib\providers\swap_provider.dart:31:40 - undefined_identifier
  error - The name 'SwapOffer' isn't a type, so it can't be used as a type argument - lib\providers\swap_provider.dart:42:8 - non_type_as_type_argument
  error - The property 'fromUserId' can't be unconditionally accessed because the receiver can be 'null' - lib\providers\swap_provider.dart:45:28 - unchecked_use_of_nullable_value
  error - The property 'toUserId' can't be unconditionally accessed because the receiver can be 'null' - lib\providers\swap_provider.dart:45:58 - unchecked_use_of_nullable_value
  error - The name 'SwapOffer' isn't a type, so it can't be used as a type argument - lib\providers\swap_provider.dart:50:8 - non_type_as_type_argument
  error - The property 'toUserId' can't be unconditionally accessed because the receiver can be 'null' - lib\providers\swap_provider.dart:54:21 - unchecked_use_of_nullable_value
  error - The property 'status' can't be unconditionally accessed because the receiver can be 'null' - lib\providers\swap_provider.dart:54:49 - unchecked_use_of_nullable_value
  error - Undefined name 'SwapStatus' - lib\providers\swap_provider.dart:54:59 - undefined_identifier
  error - Undefined class 'SwapOffer' - lib\providers\swap_provider.dart:59:27 - undefined_class
  error - Undefined class 'SwapStatus' - lib\providers\swap_provider.dart:86:50 - undefined_class
  error - Undefined name 'SwapStatus' - lib\providers\swap_provider.dart:94:24 - undefined_identifier
  error - The property 'id' can't be unconditionally accessed because the receiver can be 'null' - lib\providers\swap_provider.dart:95:51 - unchecked_use_of_nullable_value
  error - The method 'reloadUser' isn't defined for the type 'AuthProvider' - lib\screens\auth\email_verification_screen.dart:38:26 - undefined_method
  error - The method 'resendVerificationEmail' isn't defined for the type 'AuthProvider' - lib\screens\auth\email_verification_screen.dart:101:38 - undefined_method
   info - Don't use 'BuildContext's across async gaps, guarded by an unrelated 'mounted' check - lib\screens\auth\email_verification_screen.dart:103:42 - use_build_context_synchronously
   info - Don't use 'BuildContext's across async gaps, guarded by an unrelated 'mounted' check - lib\screens\auth\email_verification_screen.dart:128:34 - use_build_context_synchronously
  error - The name 'LoginScreen' isn't a class - lib\screens\auth\email_verification_screen.dart:129:63 - creation_with_non_type
  error - This expression has a type of 'void' so its value can't be used - lib\screens\auth\signup_screen.dart:43:9 - use_of_void_result
  error - The getter 'errorMessage' isn't defined for the type 'AuthProvider' - lib\screens\auth\signup_screen.dart:50:38 - undefined_getter
   info - 'withOpacity' is deprecated and shouldn't be used. Use .withValues() to avoid precision loss - lib\screens\auth\signup_screen.dart:103:45 - deprecated_member_use
   info - 'withOpacity' is deprecated and shouldn't be used. Use .withValues() to avoid precision loss - lib\screens\auth\signup_screen.dart:126:45 - deprecated_member_use
   info - 'withOpacity' is deprecated and shouldn't be used. Use .withValues() to avoid precision loss - lib\screens\auth\signup_screen.dart:152:45 - deprecated_member_use
   info - 'withOpacity' is deprecated and shouldn't be used. Use .withValues() to avoid precision loss - lib\screens\auth\signup_screen.dart:191:45 - deprecated_member_use
  error - The name 'LoginScreen' isn't a class - lib\screens\auth\splash_screen.dart:34:49 - creation_with_non_type
warning - Unused import: '../../providers/book_provider.dart' - lib\screens\home\browse_listings_screen.dart:3:8 - unused_import
  error - The name 'BookProvider' isn't a type, so it can't be used as a type argument - lib\screens\home\browse_listings_screen.dart:13:38 - non_type_as_type_argument
warning - Unused import: '../../providers/chat_provider.dart' - lib\screens\home\chat_detail_screen.dart:4:8 - unused_import
  error - The name 'ChatProvider' isn't a type, so it can't be used as a type argument - lib\screens\home\chat_detail_screen.dart:37:38 - non_type_as_type_argument
  error - The name 'ChatProvider' isn't a type, so it can't be used as a type argument - lib\screens\home\chat_detail_screen.dart:64:38 - non_type_as_type_argument
   info - 'withOpacity' is deprecated and shouldn't be used. Use .withValues() to avoid precision loss - lib\screens\home\chat_detail_screen.dart:152:38 - deprecated_member_use
   info - 'withOpacity' is deprecated and shouldn't be used. Use .withValues() to avoid precision loss - lib\screens\home\chat_detail_screen.dart:278:53 - deprecated_member_use
   info - Use 'const' with the constructor to improve performance - lib\screens\home\chat_detail_screen.dart:289:13 - prefer_const_constructors
warning - Unused import: '../../providers/chat_provider.dart' - lib\screens\home\chats_screen.dart:3:8 - unused_import
  error - The name 'ChatProvider' isn't a type, so it can't be used as a type argument - lib\screens\home\chats_screen.dart:11:38 - non_type_as_type_argument
  error - Undefined class 'Book' - lib\screens\home\edit_book_screen.dart:10:9 - undefined_class
  error - Undefined class 'BookCondition' - lib\screens\home\edit_book_screen.dart:23:8 - undefined_class
  error - The name 'BookProvider' isn't a type, so it can't be used as a type argument - lib\screens\home\edit_book_screen.dart:73:38 - non_type_as_type_argument
  error - Undefined name 'BookCondition' - lib\screens\home\edit_book_screen.dart:228:27 - undefined_identifier
  error - The name 'BookProvider' isn't a type, so it can't be used as a type argument - lib\screens\home\edit_book_screen.dart:250:24 - non_type_as_type_argument
  error - The property 'isLoading' can't be unconditionally accessed because the receiver can be 'null' - lib\screens\home\edit_book_screen.dart:255:47 - unchecked_use_of_nullable_value
  error - The property 'isLoading' can't be unconditionally accessed because the receiver can be 'null' - lib\screens\home\edit_book_screen.dart:263:43 - unchecked_use_of_nullable_value
warning - Unused import: '../../providers/book_provider.dart' - lib\screens\home\my_listings_screen.dart:3:8 - unused_import
warning - Unused import: '../../providers/swap_provider.dart' - lib\screens\home\my_listings_screen.dart:4:8 - unused_import
  error - The name 'BookProvider' isn't a type, so it can't be used as a type argument - lib\screens\home\my_listings_screen.dart:54:38 - non_type_as_type_argument
  error - The name 'SwapProvider' isn't a type, so it can't be used as a type argument - lib\screens\home\my_listings_screen.dart:90:38 - non_type_as_type_argument
  error - The name 'SwapProvider' isn't a type, so it can't be used as a type argument - lib\screens\home\my_listings_screen.dart:165:38 - non_type_as_type_argument
  error - Undefined class 'BookCondition' - lib\screens\home\post_book_screen.dart:21:3 - undefined_class
  error - Undefined name 'BookCondition' - lib\screens\home\post_book_screen.dart:21:38 - undefined_identifier
  error - The name 'BookProvider' isn't a type, so it can't be used as a type argument - lib\screens\home\post_book_screen.dart:61:38 - non_type_as_type_argument
  error - Undefined name 'BookCondition' - lib\screens\home\post_book_screen.dart:211:27 - undefined_identifier
  error - The name 'BookProvider' isn't a type, so it can't be used as a type argument - lib\screens\home\post_book_screen.dart:234:24 - non_type_as_type_argument
  error - The property 'isLoading' can't be unconditionally accessed because the receiver can be 'null' - lib\screens\home\post_book_screen.dart:239:47 - unchecked_use_of_nullable_value
  error - The property 'isLoading' can't be unconditionally accessed because the receiver can be 'null' - lib\screens\home\post_book_screen.dart:247:43 - unchecked_use_of_nullable_value
  error - The getter 'userModel' isn't defined for the type 'AuthProvider' - lib\screens\home\settings_screen.dart:49:32 - undefined_getter
   info - 'activeColor' is deprecated and shouldn't be used. Use activeThumbColor instead. This feature was deprecated after v3.31.0-2.0.pre - lib\screens\home\settings_screen.dart:89:13 - deprecated_member_use
   info - 'activeColor' is deprecated and shouldn't be used. Use activeThumbColor instead. This feature was deprecated after v3.31.0-2.0.pre - lib\screens\home\settings_screen.dart:99:13 - deprecated_member_use
   info - Use 'const' with the constructor to improve performance - lib\screens\home\settings_screen.dart:115:11 - prefer_const_constructors
  error - The name 'LoginScreen' isn't a class - lib\screens\home\settings_screen.dart:167:63 - creation_with_non_type
  error - Undefined class 'Book' - lib\widgets\book_card.dart:9:9 - undefined_class
  error - The name 'SwapProvider' isn't a type, so it can't be used as a type argument - lib\widgets\book_card.dart:15:38 - non_type_as_type_argument
  error - Undefined name 'BookStatus' - lib\widgets\book_card.dart:108:38 - undefined_identifier
  error - Undefined name 'BookStatus' - lib\widgets\book_card.dart:133:32 - undefined_identifier
  error - The body might complete normally, causing 'null' to be returned, but the return type, 'Color', is a potentially non-nullable type - lib\widgets\book_card.dart:183:9 - body_might_complete_normally
  error - Undefined class 'BookCondition' - lib\widgets\book_card.dart:183:28 - undefined_class
  error - Undefined name 'BookCondition' - lib\widgets\book_card.dart:185:12 - undefined_identifier
  error - Undefined name 'BookCondition' - lib\widgets\book_card.dart:187:12 - undefined_identifier
  error - Undefined name 'BookCondition' - lib\widgets\book_card.dart:189:12 - undefined_identifier
  error - Undefined name 'BookCondition' - lib\widgets\book_card.dart:191:12 - undefined_identifier
  error - Undefined class 'Book' - lib\widgets\my_book_card.dart:9:9 - undefined_class
  error - The name 'BookProvider' isn't a type, so it can't be used as a type argument - lib\widgets\my_book_card.dart:158:37 - non_type_as_type_argument
  error - The body might complete normally, causing 'null' to be returned, but the return type, 'Color', is a potentially non-nullable type - lib\widgets\my_book_card.dart:206:9 - body_might_complete_normally
  error - Undefined class 'BookCondition' - lib\widgets\my_book_card.dart:206:28 - undefined_class
  error - Undefined name 'BookCondition' - lib\widgets\my_book_card.dart:208:12 - undefined_identifier
  error - Undefined name 'BookCondition' - lib\widgets\my_book_card.dart:210:12 - undefined_identifier
  error - Undefined name 'BookCondition' - lib\widgets\my_book_card.dart:212:12 - undefined_identifier
  error - Undefined name 'BookCondition' - lib\widgets\my_book_card.dart:214:12 - undefined_identifier
  error - The body might complete normally, causing 'null' to be returned, but the return type, 'Color', is a potentially non-nullable type - lib\widgets\my_book_card.dart:219:9 - body_might_complete_normally
  error - Undefined class 'BookStatus' - lib\widgets\my_book_card.dart:219:25 - undefined_class
  error - Undefined name 'BookStatus' - lib\widgets\my_book_card.dart:221:12 - undefined_identifier
  error - Undefined name 'BookStatus' - lib\widgets\my_book_card.dart:223:12 - undefined_identifier
  error - Undefined name 'BookStatus' - lib\widgets\my_book_card.dart:225:12 - undefined_identifier

flutter : 118 issues found. (ran in 3.1s)
At line:1 char:1
+ flutter analyze 2>&1 | Out-File -FilePath errors.txt; Get-Content err ...
+ ~~~~~~~~~~~~~~~~~~~~
    + CategoryInfo          : NotSpecified: (118 issues found. (ran in 3.1s):S 
   tring) [], RemoteException
    + FullyQualifiedErrorId : NativeCommandError
 
